// Jest Snapshot v1, https://goo.gl/fbAQLP

exports[`<BackNavigationComponent /> should render back navigation component 1`] = `
<WithStyles(Grid)
  container={true}
  spacing={40}
>
  <WithStyles(Grid)
    item={true}
    xs={12}
  >
    <WithStyles(Paper)
      elevation={1}
    >
      <Link
        replace={false}
        to="/"
      >
        <WithStyles(Button)
          size="medium"
          variant="outlined"
        >
          ‚Üê Back to Home
        </WithStyles(Button)>
      </Link>
    </WithStyles(Paper)>
  </WithStyles(Grid)>
</WithStyles(Grid)>
`;
